08-01-2026 20:57:44.183 [main] INFO  com.ebac.biblioteca.app.Main - Starting Main using Java 21.0.6 with PID 62693 (/Users/rodrigoyaelmoralesvazquez/Desktop/EBAC/ProyectoJava/EbacLibrary/target/classes started by rodrigoyaelmoralesvazquez in /Users/rodrigoyaelmoralesvazquez/Desktop/EBAC/ProyectoJava/EbacLibrary)
08-01-2026 20:57:44.185 [main] INFO  com.ebac.biblioteca.app.Main - No active profile set, falling back to 1 default profile: "default"
08-01-2026 20:57:45.723 [main] INFO  com.ebac.biblioteca.app.Main - Started Main in 1.744 seconds (process running for 2.291)
08-01-2026 21:01:17.838 [main] INFO  com.ebac.biblioteca.app.Main - Starting Main using Java 21.0.6 with PID 62807 (/Users/rodrigoyaelmoralesvazquez/Desktop/EBAC/ProyectoJava/EbacLibrary/target/classes started by rodrigoyaelmoralesvazquez in /Users/rodrigoyaelmoralesvazquez/Desktop/EBAC/ProyectoJava/EbacLibrary)
08-01-2026 21:01:17.839 [main] INFO  com.ebac.biblioteca.app.Main - No active profile set, falling back to 1 default profile: "default"
08-01-2026 21:01:19.334 [main] INFO  com.ebac.biblioteca.app.Main - Started Main in 1.697 seconds (process running for 2.084)
08-01-2026 21:03:11.538 [main] INFO  com.ebac.biblioteca.app.Main - Starting Main using Java 21.0.6 with PID 62898 (/Users/rodrigoyaelmoralesvazquez/Desktop/EBAC/ProyectoJava/EbacLibrary/target/classes started by rodrigoyaelmoralesvazquez in /Users/rodrigoyaelmoralesvazquez/Desktop/EBAC/ProyectoJava/EbacLibrary)
08-01-2026 21:03:11.540 [main] INFO  com.ebac.biblioteca.app.Main - No active profile set, falling back to 1 default profile: "default"
08-01-2026 21:03:13.004 [main] INFO  com.ebac.biblioteca.app.Main - Started Main in 1.648 seconds (process running for 2.023)
08-01-2026 21:04:21.020 [main] INFO  com.ebac.biblioteca.app.Main - Starting Main using Java 21.0.6 with PID 62961 (/Users/rodrigoyaelmoralesvazquez/Desktop/EBAC/ProyectoJava/EbacLibrary/target/classes started by rodrigoyaelmoralesvazquez in /Users/rodrigoyaelmoralesvazquez/Desktop/EBAC/ProyectoJava/EbacLibrary)
08-01-2026 21:04:21.022 [main] INFO  com.ebac.biblioteca.app.Main - No active profile set, falling back to 1 default profile: "default"
08-01-2026 21:04:22.523 [main] INFO  com.ebac.biblioteca.app.Main - Started Main in 1.685 seconds (process running for 2.035)
08-01-2026 21:07:27.109 [main] INFO  com.ebac.biblioteca.app.Main - Starting Main using Java 21.0.6 with PID 63067 (/Users/rodrigoyaelmoralesvazquez/Desktop/EBAC/ProyectoJava/EbacLibrary/target/classes started by rodrigoyaelmoralesvazquez in /Users/rodrigoyaelmoralesvazquez/Desktop/EBAC/ProyectoJava/EbacLibrary)
08-01-2026 21:07:27.111 [main] INFO  com.ebac.biblioteca.app.Main - No active profile set, falling back to 1 default profile: "default"
08-01-2026 21:07:28.584 [main] INFO  com.ebac.biblioteca.app.Main - Started Main in 1.658 seconds (process running for 2.028)
08-01-2026 21:07:52.408 [main] INFO  com.ebac.biblioteca.app.Main - Starting Main using Java 21.0.6 with PID 63106 (/Users/rodrigoyaelmoralesvazquez/Desktop/EBAC/ProyectoJava/EbacLibrary/target/classes started by rodrigoyaelmoralesvazquez in /Users/rodrigoyaelmoralesvazquez/Desktop/EBAC/ProyectoJava/EbacLibrary)
08-01-2026 21:07:52.409 [main] INFO  com.ebac.biblioteca.app.Main - No active profile set, falling back to 1 default profile: "default"
08-01-2026 21:07:54.041 [main] INFO  com.ebac.biblioteca.app.Main - Started Main in 1.851 seconds (process running for 2.355)
08-01-2026 21:09:00.430 [main] INFO  com.ebac.biblioteca.app.Main - Starting Main using Java 21.0.6 with PID 63161 (/Users/rodrigoyaelmoralesvazquez/Desktop/EBAC/ProyectoJava/EbacLibrary/target/classes started by rodrigoyaelmoralesvazquez in /Users/rodrigoyaelmoralesvazquez/Desktop/EBAC/ProyectoJava/EbacLibrary)
08-01-2026 21:09:00.431 [main] INFO  com.ebac.biblioteca.app.Main - No active profile set, falling back to 1 default profile: "default"
08-01-2026 21:09:02.018 [main] INFO  com.ebac.biblioteca.app.Main - Started Main in 1.781 seconds (process running for 2.145)
08-01-2026 21:24:13.531 [main] INFO  com.ebac.biblioteca.app.Main - Starting Main using Java 21.0.6 with PID 63928 (/Users/rodrigoyaelmoralesvazquez/Desktop/EBAC/ProyectoJava/EbacLibrary/target/classes started by rodrigoyaelmoralesvazquez in /Users/rodrigoyaelmoralesvazquez/Desktop/EBAC/ProyectoJava/EbacLibrary)
08-01-2026 21:24:13.533 [main] INFO  com.ebac.biblioteca.app.Main - No active profile set, falling back to 1 default profile: "default"
08-01-2026 21:24:15.335 [main] INFO  com.ebac.biblioteca.app.Main - Started Main in 2.138 seconds (process running for 2.593)
08-01-2026 21:31:52.660 [main] INFO  com.ebac.biblioteca.app.Main - Starting Main using Java 21.0.6 with PID 64149 (/Users/rodrigoyaelmoralesvazquez/Desktop/EBAC/ProyectoJava/EbacLibrary/target/classes started by rodrigoyaelmoralesvazquez in /Users/rodrigoyaelmoralesvazquez/Desktop/EBAC/ProyectoJava/EbacLibrary)
08-01-2026 21:31:52.664 [main] INFO  com.ebac.biblioteca.app.Main - No active profile set, falling back to 1 default profile: "default"
08-01-2026 21:31:54.576 [main] INFO  com.ebac.biblioteca.app.Main - Started Main in 2.221 seconds (process running for 2.579)
08-01-2026 21:37:02.446 [main] INFO  com.ebac.biblioteca.app.Main - Starting Main using Java 21.0.6 with PID 64343 (/Users/rodrigoyaelmoralesvazquez/Desktop/EBAC/ProyectoJava/EbacLibrary/target/classes started by rodrigoyaelmoralesvazquez in /Users/rodrigoyaelmoralesvazquez/Desktop/EBAC/ProyectoJava/EbacLibrary)
08-01-2026 21:37:02.447 [main] INFO  com.ebac.biblioteca.app.Main - No active profile set, falling back to 1 default profile: "default"
08-01-2026 21:37:04.056 [main] INFO  com.ebac.biblioteca.app.Main - Started Main in 1.811 seconds (process running for 2.158)
08-01-2026 21:38:51.906 [main] INFO  com.ebac.biblioteca.app.Main - Starting Main using Java 21.0.6 with PID 64411 (/Users/rodrigoyaelmoralesvazquez/Desktop/EBAC/ProyectoJava/EbacLibrary/target/classes started by rodrigoyaelmoralesvazquez in /Users/rodrigoyaelmoralesvazquez/Desktop/EBAC/ProyectoJava/EbacLibrary)
08-01-2026 21:38:51.907 [main] INFO  com.ebac.biblioteca.app.Main - No active profile set, falling back to 1 default profile: "default"
08-01-2026 21:38:53.505 [main] INFO  com.ebac.biblioteca.app.Main - Started Main in 1.804 seconds (process running for 2.271)
08-01-2026 21:40:29.556 [main] INFO  com.ebac.biblioteca.Main - Starting Main using Java 21.0.6 with PID 64529 (/Users/rodrigoyaelmoralesvazquez/Desktop/EBAC/ProyectoJava/EbacLibrary/target/classes started by rodrigoyaelmoralesvazquez in /Users/rodrigoyaelmoralesvazquez/Desktop/EBAC/ProyectoJava/EbacLibrary)
08-01-2026 21:40:29.557 [main] INFO  com.ebac.biblioteca.Main - No active profile set, falling back to 1 default profile: "default"
08-01-2026 21:40:30.947 [main] ERROR o.s.o.j.LocalContainerEntityManagerFactoryBean - Failed to initialize JPA EntityManagerFactory: Collection 'com.ebac.biblioteca.entity.AuthorEntity.books' is 'mappedBy' a property named 'author' which does not exist in the target entity 'com.ebac.biblioteca.entity.BookEntity'
08-01-2026 21:40:30.976 [main] ERROR o.s.boot.SpringApplication - Application run failed
org.springframework.beans.factory.BeanCreationException: Error creating bean with name 'entityManagerFactory' defined in class path resource [org/springframework/boot/autoconfigure/orm/jpa/HibernateJpaConfiguration.class]: Collection 'com.ebac.biblioteca.entity.AuthorEntity.books' is 'mappedBy' a property named 'author' which does not exist in the target entity 'com.ebac.biblioteca.entity.BookEntity'
	at org.springframework.beans.factory.support.AbstractAutowireCapableBeanFactory.initializeBean(AbstractAutowireCapableBeanFactory.java:1786)
	at org.springframework.beans.factory.support.AbstractAutowireCapableBeanFactory.doCreateBean(AbstractAutowireCapableBeanFactory.java:600)
	at org.springframework.beans.factory.support.AbstractAutowireCapableBeanFactory.createBean(AbstractAutowireCapableBeanFactory.java:522)
	at org.springframework.beans.factory.support.AbstractBeanFactory.lambda$doGetBean$0(AbstractBeanFactory.java:326)
	at org.springframework.beans.factory.support.DefaultSingletonBeanRegistry.getSingleton(DefaultSingletonBeanRegistry.java:234)
	at org.springframework.beans.factory.support.AbstractBeanFactory.doGetBean(AbstractBeanFactory.java:324)
	at org.springframework.beans.factory.support.AbstractBeanFactory.getBean(AbstractBeanFactory.java:200)
	at org.springframework.context.support.AbstractApplicationContext.getBean(AbstractApplicationContext.java:1234)
	at org.springframework.context.support.AbstractApplicationContext.finishBeanFactoryInitialization(AbstractApplicationContext.java:952)
	at org.springframework.context.support.AbstractApplicationContext.refresh(AbstractApplicationContext.java:624)
	at org.springframework.boot.web.servlet.context.ServletWebServerApplicationContext.refresh(ServletWebServerApplicationContext.java:146)
	at org.springframework.boot.SpringApplication.refresh(SpringApplication.java:754)
	at org.springframework.boot.SpringApplication.refreshContext(SpringApplication.java:456)
	at org.springframework.boot.SpringApplication.run(SpringApplication.java:334)
	at org.springframework.boot.SpringApplication.run(SpringApplication.java:1354)
	at org.springframework.boot.SpringApplication.run(SpringApplication.java:1343)
	at com.ebac.biblioteca.Main.main(Main.java:12)
Caused by: org.hibernate.AnnotationException: Collection 'com.ebac.biblioteca.entity.AuthorEntity.books' is 'mappedBy' a property named 'author' which does not exist in the target entity 'com.ebac.biblioteca.entity.BookEntity'
	at org.hibernate.boot.model.internal.CollectionBinder.isReversePropertyInJoin(CollectionBinder.java:1622)
	at org.hibernate.boot.model.internal.CollectionBinder.noAssociationTable(CollectionBinder.java:1636)
	at org.hibernate.boot.model.internal.CollectionBinder.bindStarToManySecondPass(CollectionBinder.java:1597)
	at org.hibernate.boot.model.internal.CollectionBinder$1.secondPass(CollectionBinder.java:1588)
	at org.hibernate.boot.model.internal.CollectionSecondPass.doSecondPass(CollectionSecondPass.java:45)
	at org.hibernate.boot.internal.InFlightMetadataCollectorImpl.processSecondPasses(InFlightMetadataCollectorImpl.java:1815)
	at org.hibernate.boot.internal.InFlightMetadataCollectorImpl.processSecondPasses(InFlightMetadataCollectorImpl.java:1774)
	at org.hibernate.boot.model.process.spi.MetadataBuildingProcess.complete(MetadataBuildingProcess.java:332)
	at org.hibernate.jpa.boot.internal.EntityManagerFactoryBuilderImpl.metadata(EntityManagerFactoryBuilderImpl.java:1432)
	at org.hibernate.jpa.boot.internal.EntityManagerFactoryBuilderImpl.build(EntityManagerFactoryBuilderImpl.java:1503)
	at org.springframework.orm.jpa.vendor.SpringHibernateJpaPersistenceProvider.createContainerEntityManagerFactory(SpringHibernateJpaPersistenceProvider.java:75)
	at org.springframework.orm.jpa.LocalContainerEntityManagerFactoryBean.createNativeEntityManagerFactory(LocalContainerEntityManagerFactoryBean.java:390)
	at org.springframework.orm.jpa.AbstractEntityManagerFactoryBean.buildNativeEntityManagerFactory(AbstractEntityManagerFactoryBean.java:409)
	at org.springframework.orm.jpa.AbstractEntityManagerFactoryBean.afterPropertiesSet(AbstractEntityManagerFactoryBean.java:396)
	at org.springframework.orm.jpa.LocalContainerEntityManagerFactoryBean.afterPropertiesSet(LocalContainerEntityManagerFactoryBean.java:366)
	at org.springframework.beans.factory.support.AbstractAutowireCapableBeanFactory.invokeInitMethods(AbstractAutowireCapableBeanFactory.java:1833)
	at org.springframework.beans.factory.support.AbstractAutowireCapableBeanFactory.initializeBean(AbstractAutowireCapableBeanFactory.java:1782)
	... 16 common frames omitted
08-01-2026 21:44:09.127 [main] INFO  com.ebac.biblioteca.Main - Starting Main using Java 21.0.6 with PID 64688 (/Users/rodrigoyaelmoralesvazquez/Desktop/EBAC/ProyectoJava/EbacLibrary/target/classes started by rodrigoyaelmoralesvazquez in /Users/rodrigoyaelmoralesvazquez/Desktop/EBAC/ProyectoJava/EbacLibrary)
08-01-2026 21:44:09.128 [main] INFO  com.ebac.biblioteca.Main - No active profile set, falling back to 1 default profile: "default"
08-01-2026 21:44:11.393 [main] INFO  com.ebac.biblioteca.Main - Started Main in 2.5 seconds (process running for 2.922)
08-01-2026 21:44:16.434 [http-nio-8084-exec-2] DEBUG org.hibernate.SQL - select aue1_0.id,aue1_0.active,aue1_0.password,aue1_0.username from admin_users aue1_0 where aue1_0.username=? and aue1_0.password=? and aue1_0.active
08-01-2026 21:44:16.468 [http-nio-8084-exec-2] DEBUG org.hibernate.SQL - insert into admin_sessions (active,admin_id,login_time,logout_time) values (?,?,?,?)
08-01-2026 21:44:33.672 [http-nio-8084-exec-4] DEBUG org.hibernate.SQL - select aue1_0.id,aue1_0.active,aue1_0.password,aue1_0.username from admin_users aue1_0 where aue1_0.username=? and aue1_0.password=? and aue1_0.active
08-01-2026 21:44:33.681 [http-nio-8084-exec-4] DEBUG org.hibernate.SQL - insert into admin_sessions (active,admin_id,login_time,logout_time) values (?,?,?,?)
08-01-2026 21:44:36.198 [http-nio-8084-exec-6] DEBUG org.hibernate.SQL - select aue1_0.id,aue1_0.active,aue1_0.password,aue1_0.username from admin_users aue1_0 where aue1_0.username=? and aue1_0.password=? and aue1_0.active
08-01-2026 21:44:36.207 [http-nio-8084-exec-6] DEBUG org.hibernate.SQL - insert into admin_sessions (active,admin_id,login_time,logout_time) values (?,?,?,?)
08-01-2026 21:44:36.665 [http-nio-8084-exec-7] DEBUG org.hibernate.SQL - select aue1_0.id,aue1_0.active,aue1_0.password,aue1_0.username from admin_users aue1_0 where aue1_0.username=? and aue1_0.password=? and aue1_0.active
08-01-2026 21:44:36.672 [http-nio-8084-exec-7] DEBUG org.hibernate.SQL - insert into admin_sessions (active,admin_id,login_time,logout_time) values (?,?,?,?)
08-01-2026 21:44:36.926 [http-nio-8084-exec-8] DEBUG org.hibernate.SQL - select aue1_0.id,aue1_0.active,aue1_0.password,aue1_0.username from admin_users aue1_0 where aue1_0.username=? and aue1_0.password=? and aue1_0.active
08-01-2026 21:44:36.930 [http-nio-8084-exec-8] DEBUG org.hibernate.SQL - insert into admin_sessions (active,admin_id,login_time,logout_time) values (?,?,?,?)
08-01-2026 21:44:37.143 [http-nio-8084-exec-9] DEBUG org.hibernate.SQL - select aue1_0.id,aue1_0.active,aue1_0.password,aue1_0.username from admin_users aue1_0 where aue1_0.username=? and aue1_0.password=? and aue1_0.active
08-01-2026 21:44:37.153 [http-nio-8084-exec-9] DEBUG org.hibernate.SQL - insert into admin_sessions (active,admin_id,login_time,logout_time) values (?,?,?,?)
08-01-2026 21:44:37.345 [http-nio-8084-exec-10] DEBUG org.hibernate.SQL - select aue1_0.id,aue1_0.active,aue1_0.password,aue1_0.username from admin_users aue1_0 where aue1_0.username=? and aue1_0.password=? and aue1_0.active
08-01-2026 21:44:37.350 [http-nio-8084-exec-10] DEBUG org.hibernate.SQL - insert into admin_sessions (active,admin_id,login_time,logout_time) values (?,?,?,?)
08-01-2026 21:54:01.539 [http-nio-8084-exec-3] DEBUG org.hibernate.SQL - select aue1_0.id,aue1_0.active,aue1_0.password,aue1_0.username from admin_users aue1_0 where aue1_0.username=? and aue1_0.password=? and aue1_0.active
08-01-2026 21:54:01.558 [http-nio-8084-exec-3] DEBUG org.hibernate.SQL - insert into admin_sessions (active,admin_id,login_time,logout_time) values (?,?,?,?)
08-01-2026 21:54:13.406 [http-nio-8084-exec-5] DEBUG org.hibernate.SQL - select aue1_0.id,aue1_0.active,aue1_0.password,aue1_0.username from admin_users aue1_0 where aue1_0.username=? and aue1_0.password=? and aue1_0.active
08-01-2026 21:54:13.412 [http-nio-8084-exec-5] DEBUG org.hibernate.SQL - insert into admin_sessions (active,admin_id,login_time,logout_time) values (?,?,?,?)
08-01-2026 21:54:13.862 [http-nio-8084-exec-6] DEBUG org.hibernate.SQL - select aue1_0.id,aue1_0.active,aue1_0.password,aue1_0.username from admin_users aue1_0 where aue1_0.username=? and aue1_0.password=? and aue1_0.active
08-01-2026 21:54:13.870 [http-nio-8084-exec-6] DEBUG org.hibernate.SQL - insert into admin_sessions (active,admin_id,login_time,logout_time) values (?,?,?,?)
08-01-2026 21:54:14.040 [http-nio-8084-exec-7] DEBUG org.hibernate.SQL - select aue1_0.id,aue1_0.active,aue1_0.password,aue1_0.username from admin_users aue1_0 where aue1_0.username=? and aue1_0.password=? and aue1_0.active
08-01-2026 21:54:14.044 [http-nio-8084-exec-7] DEBUG org.hibernate.SQL - insert into admin_sessions (active,admin_id,login_time,logout_time) values (?,?,?,?)
08-01-2026 21:54:14.251 [http-nio-8084-exec-8] DEBUG org.hibernate.SQL - select aue1_0.id,aue1_0.active,aue1_0.password,aue1_0.username from admin_users aue1_0 where aue1_0.username=? and aue1_0.password=? and aue1_0.active
08-01-2026 21:54:14.267 [http-nio-8084-exec-8] DEBUG org.hibernate.SQL - insert into admin_sessions (active,admin_id,login_time,logout_time) values (?,?,?,?)
08-01-2026 21:54:14.441 [http-nio-8084-exec-10] DEBUG org.hibernate.SQL - select aue1_0.id,aue1_0.active,aue1_0.password,aue1_0.username from admin_users aue1_0 where aue1_0.username=? and aue1_0.password=? and aue1_0.active
08-01-2026 21:54:14.445 [http-nio-8084-exec-10] DEBUG org.hibernate.SQL - insert into admin_sessions (active,admin_id,login_time,logout_time) values (?,?,?,?)
08-01-2026 21:54:14.833 [http-nio-8084-exec-1] DEBUG org.hibernate.SQL - select aue1_0.id,aue1_0.active,aue1_0.password,aue1_0.username from admin_users aue1_0 where aue1_0.username=? and aue1_0.password=? and aue1_0.active
08-01-2026 21:54:14.841 [http-nio-8084-exec-1] DEBUG org.hibernate.SQL - insert into admin_sessions (active,admin_id,login_time,logout_time) values (?,?,?,?)
08-01-2026 21:57:50.963 [http-nio-8084-exec-3] DEBUG org.hibernate.SQL - select aue1_0.id,aue1_0.active,aue1_0.password,aue1_0.username from admin_users aue1_0 where aue1_0.username=? and aue1_0.password=? and aue1_0.active
08-01-2026 21:57:50.980 [http-nio-8084-exec-3] DEBUG org.hibernate.SQL - insert into admin_sessions (active,admin_id,login_time,logout_time) values (?,?,?,?)
08-01-2026 21:57:52.848 [http-nio-8084-exec-4] DEBUG org.hibernate.SQL - select aue1_0.id,aue1_0.active,aue1_0.password,aue1_0.username from admin_users aue1_0 where aue1_0.username=? and aue1_0.password=? and aue1_0.active
08-01-2026 21:57:52.859 [http-nio-8084-exec-4] DEBUG org.hibernate.SQL - insert into admin_sessions (active,admin_id,login_time,logout_time) values (?,?,?,?)
08-01-2026 21:57:53.318 [http-nio-8084-exec-5] DEBUG org.hibernate.SQL - select aue1_0.id,aue1_0.active,aue1_0.password,aue1_0.username from admin_users aue1_0 where aue1_0.username=? and aue1_0.password=? and aue1_0.active
08-01-2026 21:57:53.325 [http-nio-8084-exec-5] DEBUG org.hibernate.SQL - insert into admin_sessions (active,admin_id,login_time,logout_time) values (?,?,?,?)
08-01-2026 21:57:53.523 [http-nio-8084-exec-6] DEBUG org.hibernate.SQL - select aue1_0.id,aue1_0.active,aue1_0.password,aue1_0.username from admin_users aue1_0 where aue1_0.username=? and aue1_0.password=? and aue1_0.active
08-01-2026 21:57:53.530 [http-nio-8084-exec-6] DEBUG org.hibernate.SQL - insert into admin_sessions (active,admin_id,login_time,logout_time) values (?,?,?,?)
08-01-2026 21:57:53.698 [http-nio-8084-exec-7] DEBUG org.hibernate.SQL - select aue1_0.id,aue1_0.active,aue1_0.password,aue1_0.username from admin_users aue1_0 where aue1_0.username=? and aue1_0.password=? and aue1_0.active
08-01-2026 21:57:53.705 [http-nio-8084-exec-7] DEBUG org.hibernate.SQL - insert into admin_sessions (active,admin_id,login_time,logout_time) values (?,?,?,?)
08-01-2026 21:57:53.884 [http-nio-8084-exec-8] DEBUG org.hibernate.SQL - select aue1_0.id,aue1_0.active,aue1_0.password,aue1_0.username from admin_users aue1_0 where aue1_0.username=? and aue1_0.password=? and aue1_0.active
08-01-2026 21:57:53.892 [http-nio-8084-exec-8] DEBUG org.hibernate.SQL - insert into admin_sessions (active,admin_id,login_time,logout_time) values (?,?,?,?)
08-01-2026 21:57:54.114 [http-nio-8084-exec-9] DEBUG org.hibernate.SQL - select aue1_0.id,aue1_0.active,aue1_0.password,aue1_0.username from admin_users aue1_0 where aue1_0.username=? and aue1_0.password=? and aue1_0.active
08-01-2026 21:57:54.118 [http-nio-8084-exec-9] DEBUG org.hibernate.SQL - insert into admin_sessions (active,admin_id,login_time,logout_time) values (?,?,?,?)
08-01-2026 21:57:54.288 [http-nio-8084-exec-10] DEBUG org.hibernate.SQL - select aue1_0.id,aue1_0.active,aue1_0.password,aue1_0.username from admin_users aue1_0 where aue1_0.username=? and aue1_0.password=? and aue1_0.active
08-01-2026 21:57:54.295 [http-nio-8084-exec-10] DEBUG org.hibernate.SQL - insert into admin_sessions (active,admin_id,login_time,logout_time) values (?,?,?,?)
08-01-2026 21:59:16.126 [http-nio-8084-exec-2] DEBUG org.hibernate.SQL - select aue1_0.id,aue1_0.active,aue1_0.password,aue1_0.username from admin_users aue1_0 where aue1_0.username=? and aue1_0.password=? and aue1_0.active
08-01-2026 21:59:16.133 [http-nio-8084-exec-2] DEBUG org.hibernate.SQL - insert into admin_sessions (active,admin_id,login_time,logout_time) values (?,?,?,?)
08-01-2026 22:02:20.216 [http-nio-8084-exec-4] DEBUG org.hibernate.SQL - select aue1_0.id,aue1_0.active,aue1_0.password,aue1_0.username from admin_users aue1_0 where aue1_0.username=? and aue1_0.password=? and aue1_0.active
08-01-2026 22:02:20.228 [http-nio-8084-exec-4] DEBUG org.hibernate.SQL - insert into admin_sessions (active,admin_id,login_time,logout_time) values (?,?,?,?)
08-01-2026 22:14:38.715 [http-nio-8084-exec-7] DEBUG org.hibernate.SQL - select aue1_0.id,aue1_0.active,aue1_0.password,aue1_0.username from admin_users aue1_0 where aue1_0.username=? and aue1_0.password=? and aue1_0.active
08-01-2026 22:14:38.725 [http-nio-8084-exec-7] DEBUG org.hibernate.SQL - insert into admin_sessions (active,admin_id,login_time,logout_time) values (?,?,?,?)
08-01-2026 23:12:44.193 [http-nio-8084-exec-3] DEBUG org.hibernate.SQL - select aue1_0.id,aue1_0.active,aue1_0.password,aue1_0.username from admin_users aue1_0 where aue1_0.username=? and aue1_0.password=? and aue1_0.active
08-01-2026 23:12:44.210 [http-nio-8084-exec-3] DEBUG org.hibernate.SQL - insert into admin_sessions (active,admin_id,login_time,logout_time) values (?,?,?,?)
08-01-2026 23:13:53.580 [http-nio-8084-exec-5] DEBUG org.hibernate.SQL - select aue1_0.id,aue1_0.active,aue1_0.password,aue1_0.username from admin_users aue1_0 where aue1_0.username=? and aue1_0.password=? and aue1_0.active
08-01-2026 23:13:53.591 [http-nio-8084-exec-5] DEBUG org.hibernate.SQL - insert into admin_sessions (active,admin_id,login_time,logout_time) values (?,?,?,?)
08-01-2026 23:18:23.652 [http-nio-8084-exec-7] DEBUG org.hibernate.SQL - select aue1_0.id,aue1_0.active,aue1_0.password,aue1_0.username from admin_users aue1_0 where aue1_0.username=? and aue1_0.password=? and aue1_0.active
08-01-2026 23:18:23.668 [http-nio-8084-exec-7] DEBUG org.hibernate.SQL - insert into admin_sessions (active,admin_id,login_time,logout_time) values (?,?,?,?)
08-01-2026 23:19:15.530 [http-nio-8084-exec-9] DEBUG org.hibernate.SQL - select aue1_0.id,aue1_0.active,aue1_0.password,aue1_0.username from admin_users aue1_0 where aue1_0.username=? and aue1_0.password=? and aue1_0.active
08-01-2026 23:19:15.541 [http-nio-8084-exec-9] DEBUG org.hibernate.SQL - insert into admin_sessions (active,admin_id,login_time,logout_time) values (?,?,?,?)
08-01-2026 23:20:01.309 [http-nio-8084-exec-1] DEBUG org.hibernate.SQL - select aue1_0.id,aue1_0.active,aue1_0.password,aue1_0.username from admin_users aue1_0 where aue1_0.username=? and aue1_0.password=? and aue1_0.active
08-01-2026 23:20:01.318 [http-nio-8084-exec-1] DEBUG org.hibernate.SQL - insert into admin_sessions (active,admin_id,login_time,logout_time) values (?,?,?,?)
08-01-2026 23:20:22.964 [http-nio-8084-exec-3] DEBUG org.hibernate.SQL - select aue1_0.id,aue1_0.active,aue1_0.password,aue1_0.username from admin_users aue1_0 where aue1_0.username=? and aue1_0.password=? and aue1_0.active
08-01-2026 23:20:22.975 [http-nio-8084-exec-3] DEBUG org.hibernate.SQL - insert into admin_sessions (active,admin_id,login_time,logout_time) values (?,?,?,?)
08-01-2026 23:21:15.957 [http-nio-8084-exec-5] DEBUG org.hibernate.SQL - select aue1_0.id,aue1_0.active,aue1_0.password,aue1_0.username from admin_users aue1_0 where aue1_0.username=? and aue1_0.password=? and aue1_0.active
08-01-2026 23:21:15.964 [http-nio-8084-exec-5] DEBUG org.hibernate.SQL - insert into admin_sessions (active,admin_id,login_time,logout_time) values (?,?,?,?)
08-01-2026 23:22:03.603 [http-nio-8084-exec-7] DEBUG org.hibernate.SQL - select aue1_0.id,aue1_0.active,aue1_0.password,aue1_0.username from admin_users aue1_0 where aue1_0.username=? and aue1_0.password=? and aue1_0.active
08-01-2026 23:22:03.612 [http-nio-8084-exec-7] DEBUG org.hibernate.SQL - insert into admin_sessions (active,admin_id,login_time,logout_time) values (?,?,?,?)
08-01-2026 23:25:20.617 [main] INFO  com.ebac.biblioteca.Main - Starting Main using Java 21.0.6 with PID 69986 (/Users/rodrigoyaelmoralesvazquez/Desktop/EBAC/ProyectoJava/EbacLibrary/target/classes started by rodrigoyaelmoralesvazquez in /Users/rodrigoyaelmoralesvazquez/Desktop/EBAC/ProyectoJava/EbacLibrary)
08-01-2026 23:25:20.619 [main] INFO  com.ebac.biblioteca.Main - No active profile set, falling back to 1 default profile: "default"
08-01-2026 23:25:22.882 [main] INFO  com.ebac.biblioteca.Main - Started Main in 2.494 seconds (process running for 2.896)
08-01-2026 23:25:36.783 [http-nio-8084-exec-1] DEBUG org.hibernate.SQL - select aue1_0.id,aue1_0.active,aue1_0.password,aue1_0.username from admin_users aue1_0 where aue1_0.username=? and aue1_0.password=? and aue1_0.active
08-01-2026 23:25:36.814 [http-nio-8084-exec-1] DEBUG org.hibernate.SQL - insert into admin_sessions (active,admin_id,login_time,logout_time) values (?,?,?,?)
08-01-2026 23:26:21.521 [http-nio-8084-exec-3] DEBUG org.hibernate.SQL - select aue1_0.id,aue1_0.active,aue1_0.password,aue1_0.username from admin_users aue1_0 where aue1_0.username=? and aue1_0.password=? and aue1_0.active
08-01-2026 23:26:21.534 [http-nio-8084-exec-3] DEBUG org.hibernate.SQL - insert into admin_sessions (active,admin_id,login_time,logout_time) values (?,?,?,?)
08-01-2026 23:33:11.924 [http-nio-8084-exec-5] DEBUG org.hibernate.SQL - select aue1_0.id,aue1_0.active,aue1_0.password,aue1_0.username from admin_users aue1_0 where aue1_0.username=? and aue1_0.password=? and aue1_0.active
08-01-2026 23:33:11.939 [http-nio-8084-exec-5] DEBUG org.hibernate.SQL - insert into admin_sessions (active,admin_id,login_time,logout_time) values (?,?,?,?)
08-01-2026 23:39:14.336 [http-nio-8084-exec-1] DEBUG org.hibernate.SQL - select ase1_0.id,ase1_0.active,ase1_0.admin_id,ase1_0.login_time,ase1_0.logout_time from admin_sessions ase1_0 where ase1_0.id=? and ase1_0.active
08-01-2026 23:39:14.349 [http-nio-8084-exec-1] DEBUG org.hibernate.SQL - select aue1_0.id,aue1_0.active,aue1_0.password,aue1_0.username from admin_users aue1_0 where aue1_0.id=?
08-01-2026 23:39:14.357 [http-nio-8084-exec-1] DEBUG org.hibernate.SQL - select ase1_0.id,ase1_0.active,ase1_0.admin_id,ase1_0.login_time,ase1_0.logout_time from admin_sessions ase1_0 where ase1_0.id=? and ase1_0.active
08-01-2026 23:39:14.359 [http-nio-8084-exec-1] DEBUG org.hibernate.SQL - select aue1_0.id,aue1_0.active,aue1_0.password,aue1_0.username from admin_users aue1_0 where aue1_0.id=?
08-01-2026 23:39:14.369 [http-nio-8084-exec-1] DEBUG org.hibernate.SQL - update admin_sessions set active=?,admin_id=?,login_time=?,logout_time=? where id=?
08-01-2026 23:53:30.639 [main] INFO  com.ebac.biblioteca.Main - Starting Main using Java 21.0.6 with PID 70972 (/Users/rodrigoyaelmoralesvazquez/Desktop/EBAC/ProyectoJava/EbacLibrary/target/classes started by rodrigoyaelmoralesvazquez in /Users/rodrigoyaelmoralesvazquez/Desktop/EBAC/ProyectoJava/EbacLibrary)
08-01-2026 23:53:30.641 [main] INFO  com.ebac.biblioteca.Main - No active profile set, falling back to 1 default profile: "default"
08-01-2026 23:53:32.872 [main] INFO  com.ebac.biblioteca.Main - Started Main in 2.434 seconds (process running for 2.786)
08-01-2026 23:58:01.530 [main] INFO  com.ebac.biblioteca.Main - Starting Main using Java 21.0.6 with PID 71160 (/Users/rodrigoyaelmoralesvazquez/Desktop/EBAC/ProyectoJava/EbacLibrary/target/classes started by rodrigoyaelmoralesvazquez in /Users/rodrigoyaelmoralesvazquez/Desktop/EBAC/ProyectoJava/EbacLibrary)
08-01-2026 23:58:01.531 [main] INFO  com.ebac.biblioteca.Main - No active profile set, falling back to 1 default profile: "default"
08-01-2026 23:58:03.705 [main] INFO  com.ebac.biblioteca.Main - Started Main in 2.382 seconds (process running for 2.734)
08-01-2026 23:58:31.237 [http-nio-8084-exec-2] DEBUG org.hibernate.SQL - select ase1_0.id,ase1_0.active,ase1_0.admin_id,ase1_0.login_time,ase1_0.logout_time from admin_sessions ase1_0 where ase1_0.id=? and ase1_0.active
